// Jest Snapshot v1, https://goo.gl/fbAQLP

exports[`integration  invalid-image-size should analyze 1`] = `
Array [
  Object {
    "conclusion": "success",
    "files": Array [
      "asset/image/1659821.jpeg",
      "asset/script.js",
      "asset/text.txt",
      "image_large.jpg",
      "image_thumbnail.jpg",
      "index.html",
      "manifest.json",
    ],
    "name": "manifest-found",
  },
  Object {
    "conclusion": "success",
    "manifest": Object {
      "description": "This entry should yield an error because one image does not meet the ratio required",
      "name": "invalid image size",
    },
    "name": "manifest-read",
  },
  Object {
    "conclusion": "success",
    "gameName": "invalid image size",
    "name": "name-found",
  },
  Object {
    "conclusion": "success",
    "gameDescription": "This entry should yield an error because one image does not meet the ratio required",
    "name": "description-found",
  },
  Object {
    "conclusion": "failure",
    "images": Object {
      "image_large": Object {
        "error": "size",
        "origin": Object {
          "height": 300,
          "width": 200,
        },
        "target": Object {
          "height": 200,
          "width": 300,
        },
      },
      "image_thumbnail": "https://res.cloudinary.com/dy3iszldp/image/upload/c_fit,h_100,w_100/61191dccc4c29b4d785cae9b2f2eae2d.jpg",
    },
    "name": "images-found",
  },
  Object {
    "conclusion": "success",
    "name": "release-found",
    "tagName": "invalid-image-size-v1",
  },
  Object {
    "assetFiles": Array [
      "bundle.zip",
    ],
    "conclusion": "success",
    "name": "bundle-found",
  },
  Object {
    "conclusion": "success",
    "name": "bundle-unzipped",
  },
  Object {
    "bundleSize": 3859,
    "conclusion": "success",
    "name": "bundle-size",
    "sizeLimit": 13312,
  },
  Object {
    "bundleFiles": Array [
      "asset/text.txt",
      "asset/script.js",
      "asset/image/1659821.jpeg",
      "index.html",
    ],
    "conclusion": "success",
    "deployUrl": "http://js13kgames-entry-preview.s3-website-eu-west-1.amazonaws.com/cec73ecd46375ab7c64a85c8a4d2c172/index.html",
    "name": "index-found",
  },
  Object {
    "conclusion": "success",
    "errors": Array [],
    "name": "run-without-error",
  },
  Object {
    "conclusion": "success",
    "externalUrls": Array [],
    "name": "run-without-external-http",
    "urls": Array [
      "http://js13kgames-entry-preview.s3-website-eu-west-1.amazonaws.com/cec73ecd46375ab7c64a85c8a4d2c172/asset/image/1659821.jpeg",
      "http://js13kgames-entry-preview.s3-website-eu-west-1.amazonaws.com/cec73ecd46375ab7c64a85c8a4d2c172/asset/script.js",
      "http://js13kgames-entry-preview.s3-website-eu-west-1.amazonaws.com/cec73ecd46375ab7c64a85c8a4d2c172/asset/text.txt",
      "http://js13kgames-entry-preview.s3-website-eu-west-1.amazonaws.com/cec73ecd46375ab7c64a85c8a4d2c172/index.html",
      "http://js13kgames-entry-preview.s3-website-eu-west-1.amazonaws.com/favicon.ico",
    ],
  },
  Object {
    "conclusion": "success",
    "name": "run-without-blank-screen",
    "screenShotUrl": "http://js13kgames-entry-preview.s3-website-eu-west-1.amazonaws.com/cec73ecd46375ab7c64a85c8a4d2c172/game_preview_screenshot.png",
  },
]
`;

exports[`integration  invalid-image-size should generate report 1`] = `
"Hello üëã
I am a bot. My job is to review your submission.

I reviewed your latest release, [invalid-image-size-v1](https://github.com/Platane/entry/releases/tag/invalid-image-size-v1). Its looking all good üëç

The image \`image_large\` does not meet the requirement, it should have a ratio of 300x200 (instead of 200x300)

<blockquote> <br> <img height=\\"80\\" width=\\"80\\" title=\\"thumbnail\\" src=\\"https://res.cloudinary.com/dy3iszldp/image/upload/c_fit,h_100,w_100/61191dccc4c29b4d785cae9b2f2eae2d.jpg\\" /> <div>  <a href=\\"http://js13kgames-entry-preview.s3-website-eu-west-1.amazonaws.com/cec73ecd46375ab7c64a85c8a4d2c172/index.html\\">   <strong>invalid image size</strong>  </a>  <br>  This entry should yield an error because one image does not meet the ratio required </div> <br></blockquote>"
`;
