// Jest Snapshot v1, https://goo.gl/fbAQLP

exports[`integration  oversize-bundle should analyze 1`] = `
Array [
  Object {
    "conclusion": "success",
    "files": Array [
      "asset/image/1659821.jpeg",
      "asset/script.js",
      "asset/text.txt",
      "image_large.jpg",
      "image_thumbnail.jpg",
      "index.html",
      "manifest.json",
    ],
    "name": "manifest-found",
  },
  Object {
    "conclusion": "success",
    "manifest": Object {
      "description": "This entry should yield an error because the bundle is over the size limit",
      "name": "oversize bundle",
    },
    "name": "manifest-read",
  },
  Object {
    "conclusion": "success",
    "gameName": "oversize bundle",
    "name": "name-found",
  },
  Object {
    "conclusion": "success",
    "gameDescription": "This entry should yield an error because the bundle is over the size limit",
    "name": "description-found",
  },
  Object {
    "conclusion": "success",
    "images": Object {
      "image_large": "https://res.cloudinary.com/dy3iszldp/image/upload/c_fit,h_200,w_300/81d8ad1eef5dbf6feda2665a0df3bf19.jpg",
      "image_thumbnail": "https://res.cloudinary.com/dy3iszldp/image/upload/c_fit,h_100,w_100/61191dccc4c29b4d785cae9b2f2eae2d.jpg",
    },
    "name": "images-found",
  },
  Object {
    "branch": "entry/oversize-bundle",
    "conclusion": "success",
    "name": "release-found",
    "releaseUrl": "https://github.com/Platane/entry/releases/tag/entry/oversize-bundle-v1",
    "tagName": "entry/oversize-bundle-v1",
  },
  Object {
    "assetFiles": Array [
      "bundle.zip",
    ],
    "conclusion": "success",
    "name": "bundle-found",
  },
  Object {
    "conclusion": "success",
    "name": "bundle-unzipped",
  },
  Object {
    "bundleSize": 18017,
    "conclusion": "failure",
    "name": "bundle-size",
    "sizeLimit": 13312,
  },
  Object {
    "bundleFiles": Array [
      "asset/text.txt",
      "asset/script.js",
      "asset/image/1659821.jpeg",
      "index.html",
    ],
    "conclusion": "success",
    "deployUrl": "http://js13kgames-entry-preview.s3-website-eu-west-1.amazonaws.com/8007d43b7ccd9e60484608a3d6be6b19/index.html",
    "name": "index-found",
  },
  Object {
    "conclusion": "success",
    "errors": Array [],
    "name": "run-without-error",
  },
  Object {
    "conclusion": "success",
    "externalUrls": Array [],
    "name": "run-without-external-http",
    "urls": Array [
      "http://js13kgames-entry-preview.s3-website-eu-west-1.amazonaws.com/8007d43b7ccd9e60484608a3d6be6b19/asset/image/1659821.jpeg",
      "http://js13kgames-entry-preview.s3-website-eu-west-1.amazonaws.com/8007d43b7ccd9e60484608a3d6be6b19/asset/script.js",
      "http://js13kgames-entry-preview.s3-website-eu-west-1.amazonaws.com/8007d43b7ccd9e60484608a3d6be6b19/asset/text.txt",
      "http://js13kgames-entry-preview.s3-website-eu-west-1.amazonaws.com/8007d43b7ccd9e60484608a3d6be6b19/index.html",
      "http://js13kgames-entry-preview.s3-website-eu-west-1.amazonaws.com/favicon.ico",
    ],
  },
  Object {
    "conclusion": "success",
    "name": "run-without-blank-screen",
    "screenShotUrl": "http://js13kgames-entry-preview.s3-website-eu-west-1.amazonaws.com/8007d43b7ccd9e60484608a3d6be6b19/game_preview_screenshot.png",
  },
]
`;

exports[`integration  oversize-bundle should generate checks 1`] = `
Array [
  Object {
    "conclusion": "success",
    "name": "meta",
    "output": Object {
      "summary": "
## ‚úîÔ∏è manifest found
The pull requet contains a file named \`manifest.json\`

## ‚úîÔ∏è manifest parsed
The manifest was found :
\`\`\`json
{
  \\"name\\": \\"oversize bundle\\",
  \\"description\\": \\"This entry should yield an error because the bundle is over the size limit\\"
}
\`\`\`

## ‚úîÔ∏è game info
The game name is \\"oversize bundle\\"

The game description is:

This entry should yield an error because the bundle is over the size limit

## ‚úîÔ∏è game images
 - image_thumbnail

<img height=\\"100\\" src=\\"https://res.cloudinary.com/dy3iszldp/image/upload/c_fit,h_100,w_100/61191dccc4c29b4d785cae9b2f2eae2d.jpg\\" />
 - image_large

<img height=\\"100\\" src=\\"https://res.cloudinary.com/dy3iszldp/image/upload/c_fit,h_200,w_300/81d8ad1eef5dbf6feda2665a0df3bf19.jpg\\" />",
      "text": "",
      "title": "",
    },
  },
  Object {
    "conclusion": "failure",
    "name": "bundle",
    "output": Object {
      "summary": "
## ‚úîÔ∏è release
The release [entry/oversize-bundle-v1](https://github.com/Platane/entry/releases/tag/entry/oversize-bundle-v1) was found

## ‚úîÔ∏è bundle
The bundle was found

## ‚úîÔ∏è game info
The bundle was unzipped\\"

## ‚úîÔ∏è index file
The index was found

## ‚ùå bundle size
The bundle appear to be over the size limit
18017o > 13312o

> Compress a little more",
      "text": "",
      "title": "",
    },
  },
  Object {
    "conclusion": "success",
    "name": "game",
    "output": Object {
      "summary": "
## ‚úîÔ∏è deploy
The game is deployed [here](http://js13kgames-entry-preview.s3-website-eu-west-1.amazonaws.com/8007d43b7ccd9e60484608a3d6be6b19/index.html)

## ‚úîÔ∏è errors
The game did not had any error

## ‚úîÔ∏è external resources
The game made request to internal resources only, which is fine
\`\`\`
 - http://js13kgames-entry-preview.s3-website-eu-west-1.amazonaws.com/8007d43b7ccd9e60484608a3d6be6b19/asset/image/1659821.jpeg
 - http://js13kgames-entry-preview.s3-website-eu-west-1.amazonaws.com/8007d43b7ccd9e60484608a3d6be6b19/asset/script.js
 - http://js13kgames-entry-preview.s3-website-eu-west-1.amazonaws.com/8007d43b7ccd9e60484608a3d6be6b19/asset/text.txt
 - http://js13kgames-entry-preview.s3-website-eu-west-1.amazonaws.com/8007d43b7ccd9e60484608a3d6be6b19/index.html
 - http://js13kgames-entry-preview.s3-website-eu-west-1.amazonaws.com/favicon.ico
\`\`\`

## ‚úîÔ∏è blank screen
The game seems to display something
<img height=\\"120\\" src=\\"http://js13kgames-entry-preview.s3-website-eu-west-1.amazonaws.com/8007d43b7ccd9e60484608a3d6be6b19/game_preview_screenshot.png\\"/>",
      "text": "",
      "title": "",
    },
  },
]
`;

exports[`integration  oversize-bundle should generate report 1`] = `
"Hello üëã
I am a bot. My job is to review your submission.

I reviewed your latest release, [entry/oversize-bundle-v1](https://github.com/Platane/entry/releases/tag/entry/oversize-bundle-v1)
I am afraid your entry is too large!
It weights 18017o, which is more than the 13312o limit

Surely you can save a few bits here an there? üòÄ


<blockquote> <br> <img height=\\"80\\" width=\\"80\\" title=\\"thumbnail\\" src=\\"https://res.cloudinary.com/dy3iszldp/image/upload/c_fit,h_100,w_100/61191dccc4c29b4d785cae9b2f2eae2d.jpg\\" /> <img height=\\"80\\" title=\\"large image\\" src=\\"https://res.cloudinary.com/dy3iszldp/image/upload/c_fit,h_200,w_300/81d8ad1eef5dbf6feda2665a0df3bf19.jpg\\" /> <div>  <a href=\\"http://js13kgames-entry-preview.s3-website-eu-west-1.amazonaws.com/8007d43b7ccd9e60484608a3d6be6b19/index.html\\">   <strong>oversize bundle</strong>  </a>  <br>  This entry should yield an error because the bundle is over the size limit </div> <br></blockquote>"
`;
