// Jest Snapshot v1, https://goo.gl/fbAQLP

exports[`integration  valid should analyze 1`] = `
Array [
  Object {
    "conclusion": "success",
    "files": Array [
      "asset/image/1659821.jpeg",
      "asset/script.js",
      "asset/text.txt",
      "image_large.jpg",
      "image_thumbnail.jpg",
      "index.html",
      "manifest.json",
    ],
    "name": "manifest-found",
  },
  Object {
    "conclusion": "success",
    "manifest": Object {
      "description": "This entry should pass",
      "name": "valid",
    },
    "name": "manifest-read",
  },
  Object {
    "conclusion": "success",
    "gameName": "valid",
    "name": "name-found",
  },
  Object {
    "conclusion": "success",
    "gameDescription": "This entry should pass",
    "name": "description-found",
  },
  Object {
    "conclusion": "success",
    "images": Object {
      "image_large": "https://res.cloudinary.com/dy3iszldp/image/upload/c_fit,h_200,w_300/81d8ad1eef5dbf6feda2665a0df3bf19.jpg",
      "image_thumbnail": "https://res.cloudinary.com/dy3iszldp/image/upload/c_fit,h_100,w_100/61191dccc4c29b4d785cae9b2f2eae2d.jpg",
    },
    "name": "images-found",
  },
  Object {
    "branch": "entry/valid",
    "conclusion": "success",
    "name": "release-found",
    "releaseUrl": "https://github.com/Platane/entry/releases/tag/entry/valid-v1",
    "tagName": "entry/valid-v1",
  },
  Object {
    "assetFiles": Array [
      "bundle.zip",
    ],
    "conclusion": "success",
    "name": "bundle-found",
  },
  Object {
    "conclusion": "success",
    "name": "bundle-unzipped",
  },
  Object {
    "bundleSize": 3859,
    "conclusion": "success",
    "name": "bundle-size",
    "sizeLimit": 13312,
  },
  Object {
    "bundleFiles": Array [
      "asset/text.txt",
      "asset/script.js",
      "asset/image/1659821.jpeg",
      "index.html",
    ],
    "conclusion": "success",
    "deployUrl": "http://js13kgames-entry-preview.s3-website-eu-west-1.amazonaws.com/cec73ecd46375ab7c64a85c8a4d2c172/index.html",
    "name": "index-found",
  },
  Object {
    "conclusion": "success",
    "errors": Array [],
    "name": "run-without-error",
  },
  Object {
    "conclusion": "success",
    "externalUrls": Array [],
    "name": "run-without-external-http",
    "urls": Array [
      "http://js13kgames-entry-preview.s3-website-eu-west-1.amazonaws.com/cec73ecd46375ab7c64a85c8a4d2c172/asset/image/1659821.jpeg",
      "http://js13kgames-entry-preview.s3-website-eu-west-1.amazonaws.com/cec73ecd46375ab7c64a85c8a4d2c172/asset/script.js",
      "http://js13kgames-entry-preview.s3-website-eu-west-1.amazonaws.com/cec73ecd46375ab7c64a85c8a4d2c172/asset/text.txt",
      "http://js13kgames-entry-preview.s3-website-eu-west-1.amazonaws.com/cec73ecd46375ab7c64a85c8a4d2c172/index.html",
      "http://js13kgames-entry-preview.s3-website-eu-west-1.amazonaws.com/favicon.ico",
    ],
  },
  Object {
    "conclusion": "success",
    "name": "run-without-blank-screen",
    "screenShotUrl": "http://js13kgames-entry-preview.s3-website-eu-west-1.amazonaws.com/cec73ecd46375ab7c64a85c8a4d2c172/game_preview_screenshot.png",
  },
]
`;

exports[`integration  valid should generate checks 1`] = `
Array [
  Object {
    "conclusion": "success",
    "name": "meta",
    "output": Object {
      "summary": "
## ‚úîÔ∏è manifest found
The pull requet contains a file named \`manifest.json\`

## ‚úîÔ∏è manifest parsed
The manifest was found :
\`\`\`json
{
  \\"name\\": \\"valid\\",
  \\"description\\": \\"This entry should pass\\"
}
\`\`\`

## ‚úîÔ∏è game info
The game name is \\"valid\\"

The game description is:

This entry should pass

## ‚úîÔ∏è game images
 - image_thumbnail

<img height=\\"100\\" src=\\"https://res.cloudinary.com/dy3iszldp/image/upload/c_fit,h_100,w_100/61191dccc4c29b4d785cae9b2f2eae2d.jpg\\" />
 - image_large

<img height=\\"100\\" src=\\"https://res.cloudinary.com/dy3iszldp/image/upload/c_fit,h_200,w_300/81d8ad1eef5dbf6feda2665a0df3bf19.jpg\\" />",
      "text": "",
      "title": "",
    },
  },
  Object {
    "conclusion": "success",
    "name": "bundle",
    "output": Object {
      "summary": "
## ‚úîÔ∏è release
The release [entry/valid-v1](https://github.com/Platane/entry/releases/tag/entry/valid-v1) was found

## ‚úîÔ∏è bundle
The bundle was found

## ‚úîÔ∏è game info
The bundle was unzipped\\"

## ‚úîÔ∏è index file
The index was found

## ‚úîÔ∏è bundle size
The bundle size is ok",
      "text": "",
      "title": "",
    },
  },
  Object {
    "conclusion": "success",
    "name": "game",
    "output": Object {
      "summary": "
## ‚úîÔ∏è deploy
The game is deployed [here](http://js13kgames-entry-preview.s3-website-eu-west-1.amazonaws.com/cec73ecd46375ab7c64a85c8a4d2c172/index.html)

## ‚úîÔ∏è errors
The game did not had any error

## ‚úîÔ∏è external resources
The game made request to internal resources only, which is fine
\`\`\`
 - http://js13kgames-entry-preview.s3-website-eu-west-1.amazonaws.com/cec73ecd46375ab7c64a85c8a4d2c172/asset/image/1659821.jpeg
 - http://js13kgames-entry-preview.s3-website-eu-west-1.amazonaws.com/cec73ecd46375ab7c64a85c8a4d2c172/asset/script.js
 - http://js13kgames-entry-preview.s3-website-eu-west-1.amazonaws.com/cec73ecd46375ab7c64a85c8a4d2c172/asset/text.txt
 - http://js13kgames-entry-preview.s3-website-eu-west-1.amazonaws.com/cec73ecd46375ab7c64a85c8a4d2c172/index.html
 - http://js13kgames-entry-preview.s3-website-eu-west-1.amazonaws.com/favicon.ico
\`\`\`

## ‚úîÔ∏è blank screen
The game seems to display something
<img height=\\"120\\" src=\\"http://js13kgames-entry-preview.s3-website-eu-west-1.amazonaws.com/cec73ecd46375ab7c64a85c8a4d2c172/game_preview_screenshot.png\\"/>",
      "text": "",
      "title": "",
    },
  },
]
`;

exports[`integration  valid should generate report 1`] = `
"Hello üëã
I am a bot. My job is to review your submission.

I reviewed your latest release, [entry/valid-v1](https://github.com/Platane/entry/releases/tag/entry/valid-v1). Its looking all good üëç


<blockquote> <br> <img height=\\"80\\" width=\\"80\\" title=\\"thumbnail\\" src=\\"https://res.cloudinary.com/dy3iszldp/image/upload/c_fit,h_100,w_100/61191dccc4c29b4d785cae9b2f2eae2d.jpg\\" /> <img height=\\"80\\" title=\\"large image\\" src=\\"https://res.cloudinary.com/dy3iszldp/image/upload/c_fit,h_200,w_300/81d8ad1eef5dbf6feda2665a0df3bf19.jpg\\" /> <div>  <a href=\\"http://js13kgames-entry-preview.s3-website-eu-west-1.amazonaws.com/cec73ecd46375ab7c64a85c8a4d2c172/index.html\\">   <strong>valid</strong>  </a>  <br>  This entry should pass </div> <br></blockquote>"
`;
